------------------------------------------------------------
TimeQuest Timing Analyzer Summary
------------------------------------------------------------

Type  : Slow 1100mV 85C Model Setup 'i_clk'
Slack : -5.600
TNS   : -730.341

Type  : Slow 1100mV 85C Model Hold 'i_clk'
Slack : 0.352
TNS   : 0.000

Type  : Slow 1100mV 85C Model Minimum Pulse Width 'i_clk'
Slack : -2.225
TNS   : -1662.730

Type  : Slow 1100mV 0C Model Setup 'i_clk'
Slack : -5.791
TNS   : -760.866

Type  : Slow 1100mV 0C Model Hold 'i_clk'
Slack : 0.375
TNS   : 0.000

Type  : Slow 1100mV 0C Model Minimum Pulse Width 'i_clk'
Slack : -2.225
TNS   : -1665.618

Type  : Fast 1100mV 85C Model Setup 'i_clk'
Slack : -2.857
TNS   : -579.418

Type  : Fast 1100mV 85C Model Hold 'i_clk'
Slack : 0.247
TNS   : 0.000

Type  : Fast 1100mV 85C Model Minimum Pulse Width 'i_clk'
Slack : -1.702
TNS   : -1250.911

Type  : Fast 1100mV 0C Model Setup 'i_clk'
Slack : -2.659
TNS   : -587.948

Type  : Fast 1100mV 0C Model Hold 'i_clk'
Slack : 0.221
TNS   : 0.000

Type  : Fast 1100mV 0C Model Minimum Pulse Width 'i_clk'
Slack : -1.702
TNS   : -1250.863

------------------------------------------------------------
