------------------------------------------------------------
TimeQuest Timing Analyzer Summary
------------------------------------------------------------

Type  : Slow 1100mV 85C Model Setup 'clk'
Slack : -76.919
TNS   : -1627.399

Type  : Slow 1100mV 85C Model Hold 'clk'
Slack : 0.272
TNS   : 0.000

Type  : Slow 1100mV 85C Model Minimum Pulse Width 'clk'
Slack : -2.225
TNS   : -1171.681

Type  : Slow 1100mV 0C Model Setup 'clk'
Slack : -77.460
TNS   : -1577.273

Type  : Slow 1100mV 0C Model Hold 'clk'
Slack : 0.154
TNS   : 0.000

Type  : Slow 1100mV 0C Model Minimum Pulse Width 'clk'
Slack : -2.225
TNS   : -1194.314

Type  : Fast 1100mV 85C Model Setup 'clk'
Slack : -43.228
TNS   : -808.851

Type  : Fast 1100mV 85C Model Hold 'clk'
Slack : 0.168
TNS   : 0.000

Type  : Fast 1100mV 85C Model Minimum Pulse Width 'clk'
Slack : -1.702
TNS   : -747.546

Type  : Fast 1100mV 0C Model Setup 'clk'
Slack : -40.062
TNS   : -724.545

Type  : Fast 1100mV 0C Model Hold 'clk'
Slack : 0.106
TNS   : 0.000

Type  : Fast 1100mV 0C Model Minimum Pulse Width 'clk'
Slack : -1.702
TNS   : -748.349

------------------------------------------------------------
