------------------------------------------------------------
TimeQuest Timing Analyzer Summary
------------------------------------------------------------

Type  : Slow 1100mV 85C Model Setup 'clk'
Slack : -58.108
TNS   : -981.784

Type  : Slow 1100mV 85C Model Hold 'clk'
Slack : 0.256
TNS   : 0.000

Type  : Slow 1100mV 85C Model Minimum Pulse Width 'clk'
Slack : 9.394
TNS   : 0.000

Type  : Slow 1100mV 0C Model Setup 'clk'
Slack : -58.738
TNS   : -991.855

Type  : Slow 1100mV 0C Model Hold 'clk'
Slack : 0.126
TNS   : 0.000

Type  : Slow 1100mV 0C Model Minimum Pulse Width 'clk'
Slack : 9.311
TNS   : 0.000

Type  : Fast 1100mV 85C Model Setup 'clk'
Slack : -24.167
TNS   : -407.698

Type  : Fast 1100mV 85C Model Hold 'clk'
Slack : 0.167
TNS   : 0.000

Type  : Fast 1100mV 85C Model Minimum Pulse Width 'clk'
Slack : 9.417
TNS   : 0.000

Type  : Fast 1100mV 0C Model Setup 'clk'
Slack : -21.059
TNS   : -354.827

Type  : Fast 1100mV 0C Model Hold 'clk'
Slack : 0.105
TNS   : 0.000

Type  : Fast 1100mV 0C Model Minimum Pulse Width 'clk'
Slack : 9.416
TNS   : 0.000

------------------------------------------------------------
