------------------------------------------------------------
TimeQuest Timing Analyzer Summary
------------------------------------------------------------

Type  : Slow 1100mV 85C Model Setup 'clk'
Slack : 17.531
TNS   : 0.000

Type  : Slow 1100mV 85C Model Hold 'clk'
Slack : 0.236
TNS   : 0.000

Type  : Slow 1100mV 85C Model Minimum Pulse Width 'clk'
Slack : 9.398
TNS   : 0.000

Type  : Slow 1100mV 0C Model Setup 'clk'
Slack : 17.404
TNS   : 0.000

Type  : Slow 1100mV 0C Model Hold 'clk'
Slack : 0.219
TNS   : 0.000

Type  : Slow 1100mV 0C Model Minimum Pulse Width 'clk'
Slack : 9.326
TNS   : 0.000

Type  : Fast 1100mV 85C Model Setup 'clk'
Slack : 18.633
TNS   : 0.000

Type  : Fast 1100mV 85C Model Hold 'clk'
Slack : 0.135
TNS   : 0.000

Type  : Fast 1100mV 85C Model Minimum Pulse Width 'clk'
Slack : 9.419
TNS   : 0.000

Type  : Fast 1100mV 0C Model Setup 'clk'
Slack : 18.651
TNS   : 0.000

Type  : Fast 1100mV 0C Model Hold 'clk'
Slack : 0.126
TNS   : 0.000

Type  : Fast 1100mV 0C Model Minimum Pulse Width 'clk'
Slack : 9.418
TNS   : 0.000

------------------------------------------------------------
